// Jest Snapshot v1, https://goo.gl/fbAQLP

exports[`FxA Email Renderer renderAdminResetAccounts should render and snapshot email: matches full email snapshot 1`] = `
"<html lang="und" dir="auto" xmlns="http://www.w3.org/1999/xhtml" xmlns:v="urn:schemas-microsoft-com:vml" xmlns:o="urn:schemas-microsoft-com:office:office"><head>
    <title>Fxa Admin: Accounts Reset</title>
    <!--[if !mso]><!-->
    <meta http-equiv="X-UA-Compatible" content="IE=edge">
    <!--<![endif]-->
    <meta http-equiv="Content-Type" content="text/html; charset=UTF-8">
    <meta name="viewport" content="width=device-width, initial-scale=1">
    <style type="text/css">
      #outlook a { padding:0; }
      body { margin:0;padding:0;-webkit-text-size-adjust:100%;-ms-text-size-adjust:100%; }
      table, td { border-collapse:collapse;mso-table-lspace:0pt;mso-table-rspace:0pt; }
      img { border:0;height:auto;line-height:100%; outline:none;text-decoration:none;-ms-interpolation-mode:bicubic; }
      p { display:block;margin:13px 0; }
    </style>
    <!--[if mso]>
    <noscript>
    <xml>
    <o:OfficeDocumentSettings>
      <o:AllowPNG/>
      <o:PixelsPerInch>96</o:PixelsPerInch>
    </o:OfficeDocumentSettings>
    </xml>
    </noscript>
    <![endif]-->
    <!--[if lte mso 11]>
    <style type="text/css">
      .mj-outlook-group-fix { width:100% !important; }
    </style>
    <![endif]-->
    
      <!--[if !mso]><!-->
        <link href="https://fonts.googleapis.com/css?family=Ubuntu:300,400,500,700" rel="stylesheet" type="text/css">
        <style type="text/css">
          @import url(https://fonts.googleapis.com/css?family=Ubuntu:300,400,500,700);
        </style>
      <!--<![endif]-->

    
    
    <style type="text/css">
      @media only screen and (min-width:480px) {
        .mj-column-per-100 { width:100% !important; max-width: 100%; }
      }
    </style>
    <style media="screen and (min-width:480px)">
      .moz-text-html .mj-column-per-100 { width:100% !important; max-width: 100%; }
    </style>
    
    
  
    
    <style type="text/css">

    @media only screen and (max-width:479px) {
      table.mj-full-width-mobile { width: 100% !important; }
      td.mj-full-width-mobile { width: auto !important; }
    }
  
    </style>
    
    <meta http-equiv="Content-Type" content="text/html; charset=UTF-8">

  </head>
  <body style="word-spacing:normal;">
    
    
      <div style="" lang="und" dir="auto">
        
      
      <!--[if mso | IE]><table align="center" border="0" cellpadding="0" cellspacing="0" class="body-outlook" role="presentation" style="width:600px;" width="600" ><tr><td style="line-height:0px;font-size:0px;mso-line-height-rule:exactly;"><![endif]-->
    
      
      <div class="body" style="margin:0px auto;max-width:600px;">
        
        <table align="center" border="0" cellpadding="0" cellspacing="0" role="presentation" style="width:100%;">
          <tbody>
            <tr>
              <td style="direction:ltr;font-size:0px;padding:20px 0;text-align:center;">
                <!--[if mso | IE]><table role="presentation" border="0" cellpadding="0" cellspacing="0"><tr><td class="" width="600px" ><table align="center" border="0" cellpadding="0" cellspacing="0" class="" role="presentation" style="width:600px;" width="600" ><tr><td style="line-height:0px;font-size:0px;mso-line-height-rule:exactly;"><![endif]-->
    
      
      <div style="margin:0px auto;max-width:600px;">
        
        <table align="center" border="0" cellpadding="0" cellspacing="0" role="presentation" style="width:100%;">
          <tbody>
            <tr>
              <td style="direction:ltr;font-size:0px;padding:20px 0;text-align:center;">
                <!--[if mso | IE]><table role="presentation" border="0" cellpadding="0" cellspacing="0"><tr><td class="" style="vertical-align:top;width:600px;" ><![endif]-->
            
      <div class="mj-column-per-100 mj-outlook-group-fix" style="font-size:0px;text-align:left;direction:ltr;display:inline-block;vertical-align:top;width:100%;">
        
      <table border="0" cellpadding="0" cellspacing="0" role="presentation" style="vertical-align:top;" width="100%">
        <tbody>
          
              <tr>
                <td align="center" class="mozilla-logo" style="font-size:0px;padding:10px 25px;word-break:break-word;">
                  
      <table border="0" cellpadding="0" cellspacing="0" role="presentation" style="border-collapse:collapse;border-spacing:0px;">
        <tbody>
          <tr>
            <td style="width:120px;" data-l10n-id="fxa-header-mozilla-logo"><img alt="Mozilla logo" src="https://cdn.accounts.firefox.com/product-icons/mozilla-logo.png" style="border:0;display:block;outline:none;text-decoration:none;height:auto;width:100%;font-size:13px;" width="120" height="auto" data-l10n-name="mozilla-logo"></td>
          </tr>
        </tbody>
      </table>
    
                </td>
              </tr>
            
        </tbody>
      </table>
    
      </div>
    
          <!--[if mso | IE]></td></tr></table><![endif]-->
              </td>
            </tr>
          </tbody>
        </table>
        
      </div>
    
      
      <!--[if mso | IE]></td></tr></table></td></tr><tr><td class="" width="600px" ><table align="center" border="0" cellpadding="0" cellspacing="0" class="" role="presentation" style="width:600px;" width="600" ><tr><td style="line-height:0px;font-size:0px;mso-line-height-rule:exactly;"><![endif]-->
    
      
      <div style="margin:0px auto;max-width:600px;">
        
        <table align="center" border="0" cellpadding="0" cellspacing="0" role="presentation" style="width:100%;">
          <tbody>
            <tr>
              <td style="direction:ltr;font-size:0px;padding:20px 0;text-align:center;">
                <!--[if mso | IE]><table role="presentation" border="0" cellpadding="0" cellspacing="0"><tr><td class="" style="vertical-align:top;width:600px;" ><![endif]-->
            
      <div class="mj-column-per-100 mj-outlook-group-fix" style="font-size:0px;text-align:left;direction:ltr;display:inline-block;vertical-align:top;width:100%;">
        
      <table border="0" cellpadding="0" cellspacing="0" role="presentation" style="vertical-align:top;" width="100%">
        <tbody>
          
              <tr>
                <td align="left" class="text-header" style="font-size:0px;padding:10px 25px;word-break:break-word;">
                  
      <div style="font-family:Ubuntu, Helvetica, Arial, sans-serif;font-size:13px;line-height:1;text-align:left;color:#000000;"><span data-l10n-id="adminResetAccounts-title-1">Here's the account reset status</span></div>
    
                </td>
              </tr>
            
              <tr>
                <td align="left" class="text-sub-body" style="font-size:0px;padding:10px 25px;word-break:break-word;">
                  
      <div style="font-family:Ubuntu, Helvetica, Arial, sans-serif;font-size:13px;line-height:1;text-align:left;color:#000000;"><table width="100%">
          
          <tbody><tr>
            <td>device1
            </td><td>active</td>
          </tr>
          

      </tbody></table></div>
    
                </td>
              </tr>
            
        </tbody>
      </table>
    
      </div>
    
          <!--[if mso | IE]></td></tr></table><![endif]-->
              </td>
            </tr>
          </tbody>
        </table>
        
      </div>
    
      
      <!--[if mso | IE]></td></tr></table></td></tr><tr><td class="" width="600px" ><table align="center" border="0" cellpadding="0" cellspacing="0" class="" role="presentation" style="width:600px;" width="600" ><tr><td style="line-height:0px;font-size:0px;mso-line-height-rule:exactly;"><![endif]-->
    
      
      <div style="margin:0px auto;max-width:600px;">
        
        <table align="center" border="0" cellpadding="0" cellspacing="0" role="presentation" style="width:100%;">
          <tbody>
            <tr>
              <td style="direction:ltr;font-size:0px;padding:20px 0;text-align:center;">
                <!--[if mso | IE]><table role="presentation" border="0" cellpadding="0" cellspacing="0"><tr><td class="" style="vertical-align:top;width:600px;" ><![endif]-->
            
      <div class="mj-column-per-100 mj-outlook-group-fix" style="font-size:0px;text-align:left;direction:ltr;display:inline-block;vertical-align:top;width:100%;">
        
      <table border="0" cellpadding="0" cellspacing="0" role="presentation" style="vertical-align:top;" width="100%">
        <tbody>
          
              <tr>
                <td align="left" class="text-footer" style="font-size:0px;padding:10px 25px;word-break:break-word;">
                  
      <div style="font-family:Ubuntu, Helvetica, Arial, sans-serif;font-size:13px;line-height:1;text-align:left;color:#000000;">Mozilla. 149 New Montgomery St, 4th Floor, San Francisco, CA 94105</div>
    
                </td>
              </tr>
            
              <tr>
                <td align="left" class="text-footer" style="font-size:0px;padding:10px 25px;word-break:break-word;">
                  
      <div style="font-family:Ubuntu, Helvetica, Arial, sans-serif;font-size:13px;line-height:1;text-align:left;color:#000000;"><a class="link-blue" data-l10n-id="moz-accounts-privacy-url-2" href="http://localhost:3030/mock-privacy-link">Mozilla Accounts Privacy Notice</a></div>
    
                </td>
              </tr>
            
              <tr>
                <td align="left" class="text-footer" style="font-size:0px;padding:10px 25px;word-break:break-word;">
                  
      <div style="font-family:Ubuntu, Helvetica, Arial, sans-serif;font-size:13px;line-height:1;text-align:left;color:#000000;"><a class="link-blue" data-l10n-id="moz-accounts-terms-url" href="https://www.mozilla.org/about/legal/terms/services/">Mozilla Accounts Terms of Service</a></div>
    
                </td>
              </tr>
            
        </tbody>
      </table>
    
      </div>
    
          <!--[if mso | IE]></td></tr></table><![endif]-->
              </td>
            </tr>
          </tbody>
        </table>
        
      </div>
    
      
      <!--[if mso | IE]></td></tr></table></td></tr></table><![endif]-->
              </td>
            </tr>
          </tbody>
        </table>
        
      </div>
    
      
      <!--[if mso | IE]></td></tr></table><![endif]-->
    
    
      </div>
    
  

  </body></html>"
`;
